migrail 0.1.0 · postgres 16 · 1 file

▌ [1mdb/migrations/20260917_x.sql[m

  ▲ [1mwarning[m [1mMR403[m No lock_timeout before locking DDL

     ╭─ db/migrations/20260917_x.sql:2:1
   1 │ -- first statement is fine
   2 │ ALTER TABLE orders ADD COLUMN note text;
     │ ━━━━━━━━━━━━━━━━━━━━━━━━━━━━━━━━━━━━━━━
     │
     ├─ why     If a long query holds a lock on orders, this statement waits for it, and every query
     │          that arrives afterwards queues behind this statement.
     ╰─ fix     Set a lock timeout at the top of the migration, and retry the migration if it times
                out:

                SET lock_timeout = '5s';

  ✖ [1merror[m [1mMR901[m Could not parse SQL

     ╭─ db/migrations/20260917_x.sql:3:1
   2 │ ALTER TABLE orders ADD COLUMN note text;
   3 │ SELEC id FROM orders;
     │ ━━━━━ syntax error at or near "SELEC"
     │
     ╰─ note    Other statements in this file were still analyzed.

────────────────────────────────────────────────────────────────────────────────────────────────────
  ✖ 1 error  ▲ 1 warning  ● 0 notices                                       1 file · 2 stmts · 118ms
  [1mFailing:[m 1 finding at or above "error"
