✖ [1mMR101[m db/migrations/20260917101500_add_orders_index.sql:2  Index creation blocks writes on "orders"
✖ [1mMR104[m db/migrations/20260917101600_add_orders_user_fk.sql:1  Foreign key blocks writes on "orders" and "users"
▲ [1mMR201[m db/migrations/20260917101700_widen_user_name.sql:1  Changing the type of "users.name" may rewrite the table
✖ [1mMR302[m db/migrations/20260917102000_rename_user_email.sql:1  Renaming column "users.email" breaks running code
✖ [1mMR101[m db/migrations/20260917102100_index_user_email.sql:1  Index creation blocks writes on "users"
4 errors · 1 warning · 118ms
