 [1;34m███[m[90m╗[m   [1;34m███[m[90m╗[m[1;34m██[m[90m╗[m [1;34m██████[m[90m╗[m [1;34m██████[m[90m╗[m  [1;34m█████[m[90m╗[m [1;34m██[m[90m╗[m[1;34m██[m[90m╗[m
 [1;34m████[m[90m╗[m [1;34m████[m[90m║[m[1;34m██[m[90m║[m[1;34m██[m[90m╔════╝[m [1;34m██[m[90m╔══[m[1;34m██[m[90m╗[m[1;34m██[m[90m╔══[m[1;34m██[m[90m╗[m[1;34m██[m[90m║[m[1;34m██[m[90m║[m
 [1;34m██[m[90m╔[m[1;34m████[m[90m╔[m[1;34m██[m[90m║[m[1;34m██[m[90m║[m[1;34m██[m[90m║[m  [1;34m███[m[90m╗[m[1;34m██████[m[90m╔╝[m[1;34m███████[m[90m║[m[1;34m██[m[90m║[m[1;34m██[m[90m║[m
 [1;34m██[m[90m║╚[m[1;34m██[m[90m╔╝[m[1;34m██[m[90m║[m[1;34m██[m[90m║[m[1;34m██[m[90m║[m   [1;34m██[m[90m║[m[1;34m██[m[90m╔══[m[1;34m██[m[90m╗[m[1;34m██[m[90m╔══[m[1;34m██[m[90m║[m[1;34m██[m[90m║[m[1;34m██[m[90m║[m
 [1;34m██[m[90m║[m [90m╚═╝[m [1;34m██[m[90m║[m[1;34m██[m[90m║╚[m[1;34m██████[m[90m╔╝[m[1;34m██[m[90m║[m  [1;34m██[m[90m║[m[1;34m██[m[90m║[m  [1;34m██[m[90m║[m[1;34m██[m[90m║[m[1;34m███████[m[90m╗[m
 [90m╚═╝[m     [90m╚═╝╚═╝[m [90m╚═════╝[m [90m╚═╝[m  [90m╚═╝╚═╝[m  [90m╚═╝╚═╝╚══════╝[m
[90m═╪═══╪═══╪═══╪═══╪═══╪═══╪═══╪═══╪═══╪═══╪═══╪═══╪═[m
 [90mcatch dangerous migrations[m
 [90mbefore they reach production[m
