 ###    ### ##  ######  ######   #####  ## ##
 ####  #### ## ##       ##   ## ##   ## ## ##
 ## #### ## ## ##   ### ######  ####### ## ##
 ##  ##  ## ## ##    ## ##   ## ##   ## ## ##
 ##      ## ##  ######  ##   ## ##   ## ## #######
=+===+===+===+===+===+===+===+===+===+===+===+===+=
 catch dangerous migrations
 before they reach production
