 [1m███[m╗   [1m███[m╗[1m██[m╗ [1m██████[m╗ [1m██████[m╗  [1m█████[m╗ [1m██[m╗[1m██[m╗
 [1m████[m╗ [1m████[m║[1m██[m║[1m██[m╔════╝ [1m██[m╔══[1m██[m╗[1m██[m╔══[1m██[m╗[1m██[m║[1m██[m║
 [1m██[m╔[1m████[m╔[1m██[m║[1m██[m║[1m██[m║  [1m███[m╗[1m██████[m╔╝[1m███████[m║[1m██[m║[1m██[m║
 [1m██[m║╚[1m██[m╔╝[1m██[m║[1m██[m║[1m██[m║   [1m██[m║[1m██[m╔══[1m██[m╗[1m██[m╔══[1m██[m║[1m██[m║[1m██[m║
 [1m██[m║ ╚═╝ [1m██[m║[1m██[m║╚[1m██████[m╔╝[1m██[m║  [1m██[m║[1m██[m║  [1m██[m║[1m██[m║[1m███████[m╗
 ╚═╝     ╚═╝╚═╝ ╚═════╝ ╚═╝  ╚═╝╚═╝  ╚═╝╚═╝╚══════╝
═╪═══╪═══╪═══╪═══╪═══╪═══╪═══╪═══╪═══╪═══╪═══╪═══╪═
 catch dangerous migrations
 before they reach production
